Archive member included to satisfy reference by file (symbol)

c:/program files (x86)/atollic/truestudio for stm32 9.3.0/armtools/bin/../lib/gcc/arm-atollic-eabi/6.3.1/../../../../arm-atollic-eabi/lib/armv7-m\libc_nano.a(lib_a-errno.o)
                              Src\syscalls.o (__errno)
c:/program files (x86)/atollic/truestudio for stm32 9.3.0/armtools/bin/../lib/gcc/arm-atollic-eabi/6.3.1/../../../../arm-atollic-eabi/lib/armv7-m\libc_nano.a(lib_a-impure.o)
                              c:/program files (x86)/atollic/truestudio for stm32 9.3.0/armtools/bin/../lib/gcc/arm-atollic-eabi/6.3.1/../../../../arm-atollic-eabi/lib/armv7-m\libc_nano.a(lib_a-errno.o) (_impure_ptr)
c:/program files (x86)/atollic/truestudio for stm32 9.3.0/armtools/bin/../lib/gcc/arm-atollic-eabi/6.3.1/../../../../arm-atollic-eabi/lib/armv7-m\libc_nano.a(lib_a-init.o)
                              startup\startup_stm32f103xe.o (__libc_init_array)
c:/program files (x86)/atollic/truestudio for stm32 9.3.0/armtools/bin/../lib/gcc/arm-atollic-eabi/6.3.1/../../../../arm-atollic-eabi/lib/armv7-m\libc_nano.a(lib_a-memset.o)
                              Src\main.o (memset)
c:/program files (x86)/atollic/truestudio for stm32 9.3.0/armtools/bin/../lib/gcc/arm-atollic-eabi/6.3.1/../../../../arm-atollic-eabi/lib/armv7-m\libc_nano.a(lib_a-printf.o)
                              Src\main.o (printf)
c:/program files (x86)/atollic/truestudio for stm32 9.3.0/armtools/bin/../lib/gcc/arm-atollic-eabi/6.3.1/../../../../arm-atollic-eabi/lib/armv7-m\libc_nano.a(lib_a-puts.o)
                              Src\main.o (puts)
c:/program files (x86)/atollic/truestudio for stm32 9.3.0/armtools/bin/../lib/gcc/arm-atollic-eabi/6.3.1/../../../../arm-atollic-eabi/lib/armv7-m\libc_nano.a(lib_a-wbuf.o)
                              c:/program files (x86)/atollic/truestudio for stm32 9.3.0/armtools/bin/../lib/gcc/arm-atollic-eabi/6.3.1/../../../../arm-atollic-eabi/lib/armv7-m\libc_nano.a(lib_a-puts.o) (__swbuf_r)
c:/program files (x86)/atollic/truestudio for stm32 9.3.0/armtools/bin/../lib/gcc/arm-atollic-eabi/6.3.1/../../../../arm-atollic-eabi/lib/armv7-m\libc_nano.a(lib_a-wsetup.o)
                              c:/program files (x86)/atollic/truestudio for stm32 9.3.0/armtools/bin/../lib/gcc/arm-atollic-eabi/6.3.1/../../../../arm-atollic-eabi/lib/armv7-m\libc_nano.a(lib_a-puts.o) (__swsetup_r)
c:/program files (x86)/atollic/truestudio for stm32 9.3.0/armtools/bin/../lib/gcc/arm-atollic-eabi/6.3.1/../../../../arm-atollic-eabi/lib/armv7-m\libc_nano.a(lib_a-fflush.o)
                              c:/program files (x86)/atollic/truestudio for stm32 9.3.0/armtools/bin/../lib/gcc/arm-atollic-eabi/6.3.1/../../../../arm-atollic-eabi/lib/armv7-m\libc_nano.a(lib_a-wbuf.o) (_fflush_r)
c:/program files (x86)/atollic/truestudio for stm32 9.3.0/armtools/bin/../lib/gcc/arm-atollic-eabi/6.3.1/../../../../arm-atollic-eabi/lib/armv7-m\libc_nano.a(lib_a-findfp.o)
                              c:/program files (x86)/atollic/truestudio for stm32 9.3.0/armtools/bin/../lib/gcc/arm-atollic-eabi/6.3.1/../../../../arm-atollic-eabi/lib/armv7-m\libc_nano.a(lib_a-printf.o) (__sinit)
c:/program files (x86)/atollic/truestudio for stm32 9.3.0/armtools/bin/../lib/gcc/arm-atollic-eabi/6.3.1/../../../../arm-atollic-eabi/lib/armv7-m\libc_nano.a(lib_a-fwalk.o)
                              c:/program files (x86)/atollic/truestudio for stm32 9.3.0/armtools/bin/../lib/gcc/arm-atollic-eabi/6.3.1/../../../../arm-atollic-eabi/lib/armv7-m\libc_nano.a(lib_a-findfp.o) (_fwalk)
c:/program files (x86)/atollic/truestudio for stm32 9.3.0/armtools/bin/../lib/gcc/arm-atollic-eabi/6.3.1/../../../../arm-atollic-eabi/lib/armv7-m\libc_nano.a(lib_a-makebuf.o)
                              c:/program files (x86)/atollic/truestudio for stm32 9.3.0/armtools/bin/../lib/gcc/arm-atollic-eabi/6.3.1/../../../../arm-atollic-eabi/lib/armv7-m\libc_nano.a(lib_a-wsetup.o) (__smakebuf_r)
c:/program files (x86)/atollic/truestudio for stm32 9.3.0/armtools/bin/../lib/gcc/arm-atollic-eabi/6.3.1/../../../../arm-atollic-eabi/lib/armv7-m\libc_nano.a(lib_a-nano-freer.o)
                              c:/program files (x86)/atollic/truestudio for stm32 9.3.0/armtools/bin/../lib/gcc/arm-atollic-eabi/6.3.1/../../../../arm-atollic-eabi/lib/armv7-m\libc_nano.a(lib_a-wsetup.o) (_free_r)
c:/program files (x86)/atollic/truestudio for stm32 9.3.0/armtools/bin/../lib/gcc/arm-atollic-eabi/6.3.1/../../../../arm-atollic-eabi/lib/armv7-m\libc_nano.a(lib_a-nano-mallocr.o)
                              c:/program files (x86)/atollic/truestudio for stm32 9.3.0/armtools/bin/../lib/gcc/arm-atollic-eabi/6.3.1/../../../../arm-atollic-eabi/lib/armv7-m\libc_nano.a(lib_a-findfp.o) (_malloc_r)
c:/program files (x86)/atollic/truestudio for stm32 9.3.0/armtools/bin/../lib/gcc/arm-atollic-eabi/6.3.1/../../../../arm-atollic-eabi/lib/armv7-m\libc_nano.a(lib_a-nano-vfprintf.o)
[...]
Memory Configuration

Name             Origin             Length             Attributes
RAM              0x20000000         0x0000c000         xrw
FLASH            0x08000000         0x00040000         xr
*default*        0x00000000         0xffffffff

Linker script and memory map

LOAD c:/program files (x86)/atollic/truestudio for stm32 9.3.0/armtools/bin/../lib/gcc/arm-atollic-eabi/6.3.1/armv7-m/crti.o
LOAD c:/program files (x86)/atollic/truestudio for stm32 9.3.0/armtools/bin/../lib/gcc/arm-atollic-eabi/6.3.1/armv7-m/crtbegin.o
LOAD Drivers\STM32F1xx_HAL_Driver\Src\stm32f1xx_hal.o
LOAD Drivers\STM32F1xx_HAL_Driver\Src\stm32f1xx_hal_cortex.o
LOAD Drivers\STM32F1xx_HAL_Driver\Src\stm32f1xx_hal_dma.o
LOAD Drivers\STM32F1xx_HAL_Driver\Src\stm32f1xx_hal_exti.o
LOAD Drivers\STM32F1xx_HAL_Driver\Src\stm32f1xx_hal_flash.o
LOAD Drivers\STM32F1xx_HAL_Driver\Src\stm32f1xx_hal_flash_ex.o
LOAD Drivers\STM32F1xx_HAL_Driver\Src\stm32f1xx_hal_gpio.o
LOAD Drivers\STM32F1xx_HAL_Driver\Src\stm32f1xx_hal_gpio_ex.o
LOAD Drivers\STM32F1xx_HAL_Driver\Src\stm32f1xx_hal_pwr.o
LOAD Drivers\STM32F1xx_HAL_Driver\Src\stm32f1xx_hal_rcc.o
LOAD Drivers\STM32F1xx_HAL_Driver\Src\stm32f1xx_hal_rcc_ex.o
LOAD Drivers\STM32F1xx_HAL_Driver\Src\stm32f1xx_hal_tim.o
LOAD Drivers\STM32F1xx_HAL_Driver\Src\stm32f1xx_hal_tim_ex.o
LOAD Drivers\STM32F1xx_HAL_Driver\Src\stm32f1xx_hal_uart.o
LOAD PriSrc\AD7321Driver.o
LOAD PriSrc\HDC1080.o
LOAD Src\gpio.o
LOAD Src\main.o
LOAD Src\stm32f1xx_hal_msp.o
LOAD Src\stm32f1xx_it.o
LOAD Src\syscalls.o
LOAD Src\system_stm32f1xx.o
LOAD Src\usart.o
LOAD startup\startup_stm32f103xe.o
                0x00000080                malloc_getpagesize_P = 0x80
START GROUP
LOAD c:/program files (x86)/atollic/truestudio for stm32 9.3.0/armtools/bin/../lib/gcc/arm-atollic-eabi/6.3.1/../../../../arm-atollic-eabi/lib/armv7-m\libc_nano.a
LOAD c:/program files (x86)/atollic/truestudio for stm32 9.3.0/armtools/bin/../lib/gcc/arm-atollic-eabi/6.3.1/../../../../arm-atollic-eabi/lib/armv7-m\libm.a
END GROUP
START GROUP
LOAD c:/program files (x86)/atollic/truestudio for stm32 9.3.0/armtools/bin/../lib/gcc/arm-atollic-eabi/6.3.1/armv7-m\libgcc.a
LOAD c:/program files (x86)/atollic/truestudio for stm32 9.3.0/armtools/bin/../lib/gcc/arm-atollic-eabi/6.3.1/../../../../arm-atollic-eabi/lib/armv7-m\libc_nano.a
END GROUP
START GROUP
LOAD c:/program files (x86)/atollic/truestudio for stm32 9.3.0/armtools/bin/../lib/gcc/arm-atollic-eabi/6.3.1/armv7-m\libgcc.a
LOAD c:/program files (x86)/atollic/truestudio for stm32 9.3.0/armtools/bin/../lib/gcc/arm-atollic-eabi/6.3.1/../../../../arm-atollic-eabi/lib/armv7-m\libc_nano.a
LOAD c:/program files (x86)/atollic/truestudio for stm32 9.3.0/armtools/bin/../lib/gcc/arm-atollic-eabi/6.3.1/../../../../arm-atollic-eabi/lib/armv7-m\libnosys.a
END GROUP
START GROUP
LOAD c:/program files (x86)/atollic/truestudio for stm32 9.3.0/armtools/bin/../lib/gcc/arm-atollic-eabi/6.3.1/armv7-m\libgcc.a
LOAD c:/program files (x86)/atollic/truestudio for stm32 9.3.0/armtools/bin/../lib/gcc/arm-atollic-eabi/6.3.1/../../../../arm-atollic-eabi/lib/armv7-m\libc_nano.a
LOAD c:/program files (x86)/atollic/truestudio for stm32 9.3.0/armtools/bin/../lib/gcc/arm-atollic-eabi/6.3.1/../../../../arm-atollic-eabi/lib/armv7-m\libnosys.a
END GROUP
LOAD c:/program files (x86)/atollic/truestudio for stm32 9.3.0/armtools/bin/../lib/gcc/arm-atollic-eabi/6.3.1/armv7-m/crtend.o
LOAD c:/program files (x86)/atollic/truestudio for stm32 9.3.0/armtools/bin/../lib/gcc/arm-atollic-eabi/6.3.1/armv7-m/crtn.o
                0x2000c000                _estack = 0x2000c000
                0x00000200                _Min_Heap_Size = 0x200
                0x00000400                _Min_Stack_Size = 0x400

.isr_vector     0x08000000      0x1e4
                0x08000000                . = ALIGN (0x4)
 *(.isr_vector)
 .isr_vector    0x08000000      0x1e4 startup\startup_stm32f103xe.o
                0x08000000                g_pfnVectors
                0x080001e4                . = ALIGN (0x4)

.text           0x080001e4     0x281c
                0x080001e4                . = ALIGN (0x4)
 *(.text)
 .text          0x080001e4       0x40 c:/program files (x86)/atollic/truestudio for stm32 9.3.0/armtools/bin/../lib/gcc/arm-atollic-eabi/6.3.1/armv7-m/crtbegin.o
 *(.text*)
 .text.HAL_Init
                0x08000224       0x2c Drivers\STM32F1xx_HAL_Driver\Src\stm32f1xx_hal.o
                0x08000224                HAL_Init
 .text.HAL_InitTick
                0x08000250       0x60 Drivers\STM32F1xx_HAL_Driver\Src\stm32f1xx_hal.o
                0x08000250                HAL_InitTick
 .text.HAL_IncTick
                0x080002b0       0x24 Drivers\STM32F1xx_HAL_Driver\Src\stm32f1xx_hal.o
                0x080002b0                HAL_IncTick
 .text.HAL_GetTick
                0x080002d4       0x14 Drivers\STM32F1xx_HAL_Driver\Src\stm32f1xx_hal.o
                0x080002d4                HAL_GetTick
 .text.HAL_Delay
                0x080002e8       0x44 Drivers\STM32F1xx_HAL_Driver\Src\stm32f1xx_hal.o
                0x080002e8                HAL_Delay
 .text.__NVIC_SetPriorityGrouping
                0x0800032c       0x48 Drivers\STM32F1xx_HAL_Driver\Src\stm32f1xx_hal_cortex.o
 .text.__NVIC_GetPriorityGrouping
                0x08000374       0x1c Drivers\STM32F1xx_HAL_Driver\Src\stm32f1xx_hal_cortex.o
 .text.__NVIC_SetPriority
                0x08000390       0x54 Drivers\STM32F1xx_HAL_Driver\Src\stm32f1xx_hal_cortex.o
 .text.NVIC_EncodePriority
                0x080003e4       0x60 Drivers\STM32F1xx_HAL_Driver\Src\stm32f1xx_hal_cortex.o
 .text.SysTick_Config
                0x08000444       0x44 Drivers\STM32F1xx_HAL_Driver\Src\stm32f1xx_hal_cortex.o
 .text.HAL_NVIC_SetPriorityGrouping
                0x08000488       0x16 Drivers\STM32F1xx_HAL_Driver\Src\stm32f1xx_hal_cortex.o
                0x08000488                HAL_NVIC_SetPriorityGrouping
 .text.HAL_NVIC_SetPriority
                0x0800049e       0x38 Drivers\STM32F1xx_HAL_Driver\Src\stm32f1xx_hal_cortex.o
                0x0800049e                HAL_NVIC_SetPriority
 .text.HAL_SYSTICK_Config
                0x080004d6       0x18 Drivers\STM32F1xx_HAL_Driver\Src\stm32f1xx_hal_cortex.o
                0x080004d6                HAL_SYSTICK_Config
 *fill*         0x080004ee        0x2 
 .text.HAL_GPIO_Init
                0x080004f0      0x2d4 Drivers\STM32F1xx_HAL_Driver\Src\stm32f1xx_hal_gpio.o
                0x080004f0                HAL_GPIO_Init
 .text.HAL_GPIO_ReadPin
                0x080007c4       0x2e Drivers\STM32F1xx_HAL_Driver\Src\stm32f1xx_hal_gpio.o
                0x080007c4                HAL_GPIO_ReadPin
 .text.HAL_GPIO_WritePin
                0x080007f2       0x30 Drivers\STM32F1xx_HAL_Driver\Src\stm32f1xx_hal_gpio.o
                0x080007f2                HAL_GPIO_WritePin
 *fill*         0x08000822        0x2 
 .text.HAL_RCC_OscConfig
                0x08000824      0x500 Drivers\STM32F1xx_HAL_Driver\Src\stm32f1xx_hal_rcc.o
                0x08000824                HAL_RCC_OscConfig
 .text.HAL_RCC_ClockConfig
                0x08000d24      0x1d4 Drivers\STM32F1xx_HAL_Driver\Src\stm32f1xx_hal_rcc.o
                0x08000d24                HAL_RCC_ClockConfig
 .text.HAL_RCC_GetSysClockFreq
                0x08000ef8       0xc4 Drivers\STM32F1xx_HAL_Driver\Src\stm32f1xx_hal_rcc.o
                0x08000ef8                HAL_RCC_GetSysClockFreq
 .text.HAL_RCC_GetHCLKFreq
                0x08000fbc       0x14 Drivers\STM32F1xx_HAL_Driver\Src\stm32f1xx_hal_rcc.o
                0x08000fbc                HAL_RCC_GetHCLKFreq
 .text.HAL_RCC_GetPCLK1Freq
                0x08000fd0       0x28 Drivers\STM32F1xx_HAL_Driver\Src\stm32f1xx_hal_rcc.o
                0x08000fd0                HAL_RCC_GetPCLK1Freq
 .text.HAL_RCC_GetPCLK2Freq
                0x08000ff8       0x28 Drivers\STM32F1xx_HAL_Driver\Src\stm32f1xx_hal_rcc.o
                0x08000ff8                HAL_RCC_GetPCLK2Freq
 .text.RCC_Delay
                0x08001020       0x3c Drivers\STM32F1xx_HAL_Driver\Src\stm32f1xx_hal_rcc.o
 .text.HAL_UART_Init
                0x0800105c       0x9a Drivers\STM32F1xx_HAL_Driver\Src\stm32f1xx_hal_uart.o
                0x0800105c                HAL_UART_Init
 .text.HAL_UART_Transmit
                0x080010f6      0x130 Drivers\STM32F1xx_HAL_Driver\Src\stm32f1xx_hal_uart.o
                0x080010f6                HAL_UART_Transmit
 .text.UART_WaitOnFlagUntilTimeout
                0x08001226       0x94 Drivers\STM32F1xx_HAL_Driver\Src\stm32f1xx_hal_uart.o
 *fill*         0x080012ba        0x2 
 .text.UART_SetConfig
                0x080012bc      0x1b4 Drivers\STM32F1xx_HAL_Driver\Src\stm32f1xx_hal_uart.o
 .text.delay    0x08001470       0x16 PriSrc\AD7321Driver.o
 *fill*         0x08001486        0x2 
 .text.AD7321_read_write
                0x08001488       0xc4 PriSrc\AD7321Driver.o
                0x08001488                AD7321_read_write
 .text.MX_GPIO_Init
                0x0800154c       0xd8 Src\gpio.o
                0x0800154c                MX_GPIO_Init
 .text.main     0x08001624       0x50 Src\main.o
                0x08001624                main
 .text.SystemClock_Config
                0x08001674       0x8a Src\main.o
                0x08001674                SystemClock_Config
 .text.Error_Handler
                0x080016fe        0xc Src\main.o
                0x080016fe                Error_Handler
 *fill*         0x0800170a        0x2 
 .text.HAL_MspInit
                0x0800170c       0x64 Src\stm32f1xx_hal_msp.o
                0x0800170c                HAL_MspInit
 .text.NMI_Handler
                0x08001770        0xc Src\stm32f1xx_it.o
                0x08001770                NMI_Handler
 .text.HardFault_Handler
                0x0800177c        0x6 Src\stm32f1xx_it.o
                0x0800177c                HardFault_Handler
 .text.MemManage_Handler
                0x08001782        0x6 Src\stm32f1xx_it.o
                0x08001782                MemManage_Handler
 .text.BusFault_Handler
                0x08001788        0x6 Src\stm32f1xx_it.o
                0x08001788                BusFault_Handler
 .text.UsageFault_Handler
                0x0800178e        0x6 Src\stm32f1xx_it.o
                0x0800178e                UsageFault_Handler
 .text.SVC_Handler
                0x08001794        0xc Src\stm32f1xx_it.o
                0x08001794                SVC_Handler
 .text.DebugMon_Handler
                0x080017a0        0xc Src\stm32f1xx_it.o
                0x080017a0                DebugMon_Handler
 .text.PendSV_Handler
                0x080017ac        0xc Src\stm32f1xx_it.o
                0x080017ac                PendSV_Handler
 .text.SysTick_Handler
                0x080017b8        0xc Src\stm32f1xx_it.o
                0x080017b8                SysTick_Handler
 .text._read    0x080017c4       0x3a Src\syscalls.o
                0x080017c4                _read
 *fill*         0x080017fe        0x2 
 .text._sbrk    0x08001800       0x58 Src\syscalls.o
                0x08001800                _sbrk
 .text._close   0x08001858       0x16 Src\syscalls.o
                0x08001858                _close
 .text._fstat   0x0800186e       0x1e Src\syscalls.o
                0x0800186e                _fstat
 .text._isatty  0x0800188c       0x14 Src\syscalls.o
                0x0800188c                _isatty
 .text._lseek   0x080018a0       0x18 Src\syscalls.o
                0x080018a0                _lseek
 .text.SystemInit
                0x080018b8       0x68 Src\system_stm32f1xx.o
                0x080018b8                SystemInit
 .text.__io_putchar
                0x08001920       0x24 Src\usart.o
                0x08001920                __io_putchar
 .text._write   0x08001944       0x38 Src\usart.o
                0x08001944                _write
 .text.MX_USART1_UART_Init
                0x0800197c       0x54 Src\usart.o
                0x0800197c                MX_USART1_UART_Init
 .text.HAL_UART_MspInit
                0x080019d0       0x98 Src\usart.o
                0x080019d0                HAL_UART_MspInit
 .text.Reset_Handler
                0x08001a68       0x48 startup\startup_stm32f103xe.o
                0x08001a68                Reset_Handler
 .text.Default_Handler
                0x08001ab0        0x2 startup\startup_stm32f103xe.o
                0x08001ab0                RTC_Alarm_IRQHandler
                0x08001ab0                EXTI2_IRQHandler
                0x08001ab0                TIM8_TRG_COM_IRQHandler
                0x08001ab0                TIM8_CC_IRQHandler
                0x08001ab0                TIM1_CC_IRQHandler
                0x08001ab0                TIM6_IRQHandler
                0x08001ab0                PVD_IRQHandler
                0x08001ab0                SDIO_IRQHandler
                0x08001ab0                EXTI3_IRQHandler
                0x08001ab0                EXTI0_IRQHandler
                0x08001ab0                I2C2_EV_IRQHandler
                0x08001ab0                ADC1_2_IRQHandler
                0x08001ab0                SPI1_IRQHandler
                0x08001ab0                TAMPER_IRQHandler
                0x08001ab0                TIM8_UP_IRQHandler
                0x08001ab0                DMA2_Channel2_IRQHandler
                0x08001ab0                DMA1_Channel4_IRQHandler
                0x08001ab0                USART3_IRQHandler
                0x08001ab0                RTC_IRQHandler
                0x08001ab0                DMA1_Channel7_IRQHandler
                0x08001ab0                CAN1_RX1_IRQHandler
                0x08001ab0                UART5_IRQHandler
                0x08001ab0                ADC3_IRQHandler
                0x08001ab0                TIM4_IRQHandler
                0x08001ab0                DMA2_Channel1_IRQHandler
                0x08001ab0                I2C1_EV_IRQHandler
                0x08001ab0                DMA1_Channel6_IRQHandler
                0x08001ab0                UART4_IRQHandler
                0x08001ab0                TIM3_IRQHandler
                0x08001ab0                RCC_IRQHandler
                0x08001ab0                TIM1_TRG_COM_IRQHandler
                0x08001ab0                DMA1_Channel1_IRQHandler
                0x08001ab0                Default_Handler
                0x08001ab0                EXTI15_10_IRQHandler
                0x08001ab0                TIM7_IRQHandler
                0x08001ab0                TIM5_IRQHandler
                0x08001ab0                EXTI9_5_IRQHandler
                0x08001ab0                SPI2_IRQHandler
                0x08001ab0                DMA1_Channel5_IRQHandler
                0x08001ab0                EXTI4_IRQHandler
                0x08001ab0                USB_LP_CAN1_RX0_IRQHandler
                0x08001ab0                USB_HP_CAN1_TX_IRQHandler
                0x08001ab0                DMA1_Channel3_IRQHandler
                0x08001ab0                FSMC_IRQHandler
                0x08001ab0                TIM1_UP_IRQHandler
                0x08001ab0                WWDG_IRQHandler
                0x08001ab0                TIM2_IRQHandler
                0x08001ab0                TIM1_BRK_IRQHandler
                0x08001ab0                EXTI1_IRQHandler
                0x08001ab0                DMA2_Channel4_5_IRQHandler
                0x08001ab0                USART2_IRQHandler
                0x08001ab0                I2C2_ER_IRQHandler
                0x08001ab0                DMA1_Channel2_IRQHandler
                0x08001ab0                TIM8_BRK_IRQHandler
                0x08001ab0                CAN1_SCE_IRQHandler
                0x08001ab0                FLASH_IRQHandler
                0x08001ab0                USART1_IRQHandler
                0x08001ab0                SPI3_IRQHandler
                0x08001ab0                I2C1_ER_IRQHandler
                0x08001ab0                USBWakeUp_IRQHandler
                0x08001ab0                DMA2_Channel3_IRQHandler
 *fill*         0x08001ab2        0x2 
 .text.__errno  0x08001ab4        0xc c:/program files (x86)/atollic/truestudio for stm32 9.3.0/armtools/bin/../lib/gcc/arm-atollic-eabi/6.3.1/../../../../arm-atollic-eabi/lib/armv7-m\libc_nano.a(lib_a-errno.o)
                0x08001ab4                __errno
 .text.__libc_init_array
                0x08001ac0       0x48 c:/program files (x86)/atollic/truestudio for stm32 9.3.0/armtools/bin/../lib/gcc/arm-atollic-eabi/6.3.1/../../../../arm-atollic-eabi/lib/armv7-m\libc_nano.a(lib_a-init.o)
                0x08001ac0                __libc_init_array
 .text.memset   0x08001b08       0x10 c:/program files (x86)/atollic/truestudio for stm32 9.3.0/armtools/bin/../lib/gcc/arm-atollic-eabi/6.3.1/../../../../arm-atollic-eabi/lib/armv7-m\libc_nano.a(lib_a-memset.o)
                0x08001b08                memset
 .text.printf   0x08001b18       0x30 c:/program files (x86)/atollic/truestudio for stm32 9.3.0/armtools/bin/../lib/gcc/arm-atollic-eabi/6.3.1/../../../../arm-atollic-eabi/lib/armv7-m\libc_nano.a(lib_a-printf.o)
                0x08001b18                iprintf
                0x08001b18                printf
 .text._puts_r  0x08001b48       0xb8 c:/program files (x86)/atollic/truestudio for stm32 9.3.0/armtools/bin/../lib/gcc/arm-atollic-eabi/6.3.1/../../../../arm-atollic-eabi/lib/armv7-m\libc_nano.a(lib_a-puts.o)
                0x08001b48                _puts_r
 .text.puts     0x08001c00       0x10 c:/program files (x86)/atollic/truestudio for stm32 9.3.0/armtools/bin/../lib/gcc/arm-atollic-eabi/6.3.1/../../../../arm-atollic-eabi/lib/armv7-m\libc_nano.a(lib_a-puts.o)
                0x08001c00                puts
 .text.__swbuf_r
                0x08001c10       0xa4 c:/program files (x86)/atollic/truestudio for stm32 9.3.0/armtools/bin/../lib/gcc/arm-atollic-eabi/6.3.1/../../../../arm-atollic-eabi/lib/armv7-m\libc_nano.a(lib_a-wbuf.o)
                0x08001c10                __swbuf_r
 .text.__swsetup_r
                0x08001cb4       0xdc c:/program files (x86)/atollic/truestudio for stm32 9.3.0/armtools/bin/../lib/gcc/arm-atollic-eabi/6.3.1/../../../../arm-atollic-eabi/lib/armv7-m\libc_nano.a(lib_a-wsetup.o)
                0x08001cb4                __swsetup_r
 .text.__sflush_r
                0x08001d90      0x110 c:/program files (x86)/atollic/truestudio for stm32 9.3.0/armtools/bin/../lib/gcc/arm-atollic-eabi/6.3.1/../../../../arm-atollic-eabi/lib/armv7-m\libc_nano.a(lib_a-fflush.o)
                0x08001d90                __sflush_r
 .text._fflush_r
                0x08001ea0       0x54 c:/program files (x86)/atollic/truestudio for stm32 9.3.0/armtools/bin/../lib/gcc/arm-atollic-eabi/6.3.1/../../../../arm-atollic-eabi/lib/armv7-m\libc_nano.a(lib_a-fflush.o)
                0x08001ea0                _fflush_r
 .text._cleanup_r
                0x08001ef4        0xc c:/program files (x86)/atollic/truestudio for stm32 9.3.0/armtools/bin/../lib/gcc/arm-atollic-eabi/6.3.1/../../../../arm-atollic-eabi/lib/armv7-m\libc_nano.a(lib_a-findfp.o)
                0x08001ef4                _cleanup_r
 .text.std.isra.0
                0x08001f00       0x48 c:/program files (x86)/atollic/truestudio for stm32 9.3.0/armtools/bin/../lib/gcc/arm-atollic-eabi/6.3.1/../../../../arm-atollic-eabi/lib/armv7-m\libc_nano.a(lib_a-findfp.o)
 .text.__sfmoreglue
                0x08001f48       0x2c c:/program files (x86)/atollic/truestudio for stm32 9.3.0/armtools/bin/../lib/gcc/arm-atollic-eabi/6.3.1/../../../../arm-atollic-eabi/lib/armv7-m\libc_nano.a(lib_a-findfp.o)
                0x08001f48                __sfmoreglue
 .text.__sinit  0x08001f74       0x60 c:/program files (x86)/atollic/truestudio for stm32 9.3.0/armtools/bin/../lib/gcc/arm-atollic-eabi/6.3.1/../../../../arm-atollic-eabi/lib/armv7-m\libc_nano.a(lib_a-findfp.o)
                0x08001f74                __sinit
 .text.__sfp    0x08001fd4       0x78 c:/program files (x86)/atollic/truestudio for stm32 9.3.0/armtools/bin/../lib/gcc/arm-atollic-eabi/6.3.1/../../../../arm-atollic-eabi/lib/armv7-m\libc_nano.a(lib_a-findfp.o)
                0x08001fd4                __sfp
 .text._fwalk_reent
                0x0800204c       0x3c c:/program files (x86)/atollic/truestudio for stm32 9.3.0/armtools/bin/../lib/gcc/arm-atollic-eabi/6.3.1/../../../../arm-atollic-eabi/lib/armv7-m\libc_nano.a(lib_a-fwalk.o)
                0x0800204c                _fwalk_reent
 .text.__swhatbuf_r
                0x08002088       0x48 c:/program files (x86)/atollic/truestudio for stm32 9.3.0/armtools/bin/../lib/gcc/arm-atollic-eabi/6.3.1/../../../../arm-atollic-eabi/lib/armv7-m\libc_nano.a(lib_a-makebuf.o)
                0x08002088                __swhatbuf_r
 .text.__smakebuf_r
                0x080020d0       0x80 c:/program files (x86)/atollic/truestudio for stm32 9.3.0/armtools/bin/../lib/gcc/arm-atollic-eabi/6.3.1/../../../../arm-atollic-eabi/lib/armv7-m\libc_nano.a(lib_a-makebuf.o)
                0x080020d0                __smakebuf_r
 .text._free_r  0x08002150       0x98 c:/program files (x86)/atollic/truestudio for stm32 9.3.0/armtools/bin/../lib/gcc/arm-atollic-eabi/6.3.1/../../../../arm-atollic-eabi/lib/armv7-m\libc_nano.a(lib_a-nano-freer.o)
                0x08002150                _free_r
 .text._malloc_r
                0x080021e8       0xbc c:/program files (x86)/atollic/truestudio for stm32 9.3.0/armtools/bin/../lib/gcc/arm-atollic-eabi/6.3.1/../../../../arm-atollic-eabi/lib/armv7-m\libc_nano.a(lib_a-nano-mallocr.o)
                0x080021e8                _malloc_r
 .text.__sfputc_r
                0x080022a4       0x2c c:/program files (x86)/atollic/truestudio for stm32 9.3.0/armtools/bin/../lib/gcc/arm-atollic-eabi/6.3.1/../../../../arm-atollic-eabi/lib/armv7-m\libc_nano.a(lib_a-nano-vfprintf.o)
 .text.__sfputs_r
                0x080022d0       0x24 c:/program files (x86)/atollic/truestudio for stm32 9.3.0/armtools/bin/../lib/gcc/arm-atollic-eabi/6.3.1/../../../../arm-atollic-eabi/lib/armv7-m\libc_nano.a(lib_a-nano-vfprintf.o)
                0x080022d0                __sfputs_r
 .text._vfprintf_r
                0x080022f4      0x22c c:/program files (x86)/atollic/truestudio for stm32 9.3.0/armtools/bin/../lib/gcc/arm-atollic-eabi/6.3.1/../../../../arm-atollic-eabi/lib/armv7-m\libc_nano.a(lib_a-nano-vfprintf.o)
                0x080022f4                _vfprintf_r
                0x080022f4                _vfiprintf_r
 .text._printf_common
                0x08002520       0xee c:/program files (x86)/atollic/truestudio for stm32 9.3.0/armtools/bin/../lib/gcc/arm-atollic-eabi/6.3.1/../../../../arm-atollic-eabi/lib/armv7-m\libc_nano.a(lib_a-nano-vfprintf_i.o)
                0x08002520                _printf_common
 *fill*         0x0800260e        0x2 
 .text._printf_i
                0x08002610      0x240 c:/program files (x86)/atollic/truestudio for stm32 9.3.0/armtools/bin/../lib/gcc/arm-atollic-eabi/6.3.1/../../../../arm-atollic-eabi/lib/armv7-m\libc_nano.a(lib_a-nano-vfprintf_i.o)
                0x08002610                _printf_i
 .text._sbrk_r  0x08002850       0x20 c:/program files (x86)/atollic/truestudio for stm32 9.3.0/armtools/bin/../lib/gcc/arm-atollic-eabi/6.3.1/../../../../arm-atollic-eabi/lib/armv7-m\libc_nano.a(lib_a-sbrkr.o)
                0x08002850                _sbrk_r
 .text.__sread  0x08002870       0x22 c:/program files (x86)/atollic/truestudio for stm32 9.3.0/armtools/bin/../lib/gcc/arm-atollic-eabi/6.3.1/../../../../arm-atollic-eabi/lib/armv7-m\libc_nano.a(lib_a-stdio.o)
                0x08002870                __sread
 .text.__swrite
                0x08002892       0x38 c:/program files (x86)/atollic/truestudio for stm32 9.3.0/armtools/bin/../lib/gcc/arm-atollic-eabi/6.3.1/../../../../arm-atollic-eabi/lib/armv7-m\libc_nano.a(lib_a-stdio.o)
                0x08002892                __swrite
 .text.__sseek  0x080028ca       0x24 c:/program files (x86)/atollic/truestudio for stm32 9.3.0/armtools/bin/../lib/gcc/arm-atollic-eabi/6.3.1/../../../../arm-atollic-eabi/lib/armv7-m\libc_nano.a(lib_a-stdio.o)
                0x080028ca                __sseek
 .text.__sclose
                0x080028ee        0x8 c:/program files (x86)/atollic/truestudio for stm32 9.3.0/armtools/bin/../lib/gcc/arm-atollic-eabi/6.3.1/../../../../arm-atollic-eabi/lib/armv7-m\libc_nano.a(lib_a-stdio.o)
                0x080028ee                __sclose
 *fill*         0x080028f6        0x2 
 .text._write_r
                0x080028f8       0x24 c:/program files (x86)/atollic/truestudio for stm32 9.3.0/armtools/bin/../lib/gcc/arm-atollic-eabi/6.3.1/../../../../arm-atollic-eabi/lib/armv7-m\libc_nano.a(lib_a-writer.o)
                0x080028f8                _write_r
 .text._close_r
                0x0800291c       0x20 c:/program files (x86)/atollic/truestudio for stm32 9.3.0/armtools/bin/../lib/gcc/arm-atollic-eabi/6.3.1/../../../../arm-atollic-eabi/lib/armv7-m\libc_nano.a(lib_a-closer.o)
                0x0800291c                _close_r
 .text._fstat_r
                0x0800293c       0x24 c:/program files (x86)/atollic/truestudio for stm32 9.3.0/armtools/bin/../lib/gcc/arm-atollic-eabi/6.3.1/../../../../arm-atollic-eabi/lib/armv7-m\libc_nano.a(lib_a-fstatr.o)
                0x0800293c                _fstat_r
 .text._isatty_r
                0x08002960       0x20 c:/program files (x86)/atollic/truestudio for stm32 9.3.0/armtools/bin/../lib/gcc/arm-atollic-eabi/6.3.1/../../../../arm-atollic-eabi/lib/armv7-m\libc_nano.a(lib_a-isattyr.o)
                0x08002960                _isatty_r
 .text._lseek_r
                0x08002980       0x24 c:/program files (x86)/atollic/truestudio for stm32 9.3.0/armtools/bin/../lib/gcc/arm-atollic-eabi/6.3.1/../../../../arm-atollic-eabi/lib/armv7-m\libc_nano.a(lib_a-lseekr.o)
                0x08002980                _lseek_r
 .text.memchr   0x080029a4       0x1c c:/program files (x86)/atollic/truestudio for stm32 9.3.0/armtools/bin/../lib/gcc/arm-atollic-eabi/6.3.1/../../../../arm-atollic-eabi/lib/armv7-m\libc_nano.a(lib_a-memchr-stub.o)
                0x080029a4                memchr
 .text.__malloc_lock
                0x080029c0        0x2 c:/program files (x86)/atollic/truestudio for stm32 9.3.0/armtools/bin/../lib/gcc/arm-atollic-eabi/6.3.1/../../../../arm-atollic-eabi/lib/armv7-m\libc_nano.a(lib_a-mlock.o)
                0x080029c0                __malloc_lock
 .text.__malloc_unlock
                0x080029c2        0x2 c:/program files (x86)/atollic/truestudio for stm32 9.3.0/armtools/bin/../lib/gcc/arm-atollic-eabi/6.3.1/../../../../arm-atollic-eabi/lib/armv7-m\libc_nano.a(lib_a-mlock.o)
                0x080029c2                __malloc_unlock
 .text._read_r  0x080029c4       0x24 c:/program files (x86)/atollic/truestudio for stm32 9.3.0/armtools/bin/../lib/gcc/arm-atollic-eabi/6.3.1/../../../../arm-atollic-eabi/lib/armv7-m\libc_nano.a(lib_a-readr.o)
                0x080029c4                _read_r
 *(.glue_7)
 .glue_7        0x080029e8        0x0 linker stubs
 *(.glue_7t)
 .glue_7t       0x080029e8        0x0 linker stubs
 *(.eh_frame)
 .eh_frame      0x080029e8        0x0 c:/program files (x86)/atollic/truestudio for stm32 9.3.0/armtools/bin/../lib/gcc/arm-atollic-eabi/6.3.1/armv7-m/crtbegin.o
 *(.init)
 .init          0x080029e8        0x4 c:/program files (x86)/atollic/truestudio for stm32 9.3.0/armtools/bin/../lib/gcc/arm-atollic-eabi/6.3.1/armv7-m/crti.o
                0x080029e8                _init
 .init          0x080029ec        0x8 c:/program files (x86)/atollic/truestudio for stm32 9.3.0/armtools/bin/../lib/gcc/arm-atollic-eabi/6.3.1/armv7-m/crtn.o
 *(.fini)
 .fini          0x080029f4        0x4 c:/program files (x86)/atollic/truestudio for stm32 9.3.0/armtools/bin/../lib/gcc/arm-atollic-eabi/6.3.1/armv7-m/crti.o
                0x080029f4                _fini
 .fini          0x080029f8        0x8 c:/program files (x86)/atollic/truestudio for stm32 9.3.0/armtools/bin/../lib/gcc/arm-atollic-eabi/6.3.1/armv7-m/crtn.o
                0x08002a00                . = ALIGN (0x4)
                0x08002a00                _etext = .

.vfp11_veneer   0x08002a00        0x0
 .vfp11_veneer  0x08002a00        0x0 linker stubs

.v4_bx          0x08002a00        0x0
 .v4_bx         0x08002a00        0x0 linker stubs

.iplt           0x08002a00        0x0
 .iplt          0x08002a00        0x0 c:/program files (x86)/atollic/truestudio for stm32 9.3.0/armtools/bin/../lib/gcc/arm-atollic-eabi/6.3.1/armv7-m/crtbegin.o

.rodata         0x08002a00       0xd8
                0x08002a00                . = ALIGN (0x4)
 *(.rodata)
 .rodata        0x08002a00       0x12 Drivers\STM32F1xx_HAL_Driver\Src\stm32f1xx_hal_rcc.o
 *fill*         0x08002a12        0x2 
 .rodata        0x08002a14       0x11 Src\main.o
 *(.rodata*)
 *fill*         0x08002a25        0x3 
 .rodata.AHBPrescTable
                0x08002a28       0x10 Src\system_stm32f1xx.o
                0x08002a28                AHBPrescTable
 .rodata.APBPrescTable
                0x08002a38        0x8 Src\system_stm32f1xx.o
                0x08002a38                APBPrescTable
 .rodata._global_impure_ptr
                0x08002a40        0x4 c:/program files (x86)/atollic/truestudio for stm32 9.3.0/armtools/bin/../lib/gcc/arm-atollic-eabi/6.3.1/../../../../arm-atollic-eabi/lib/armv7-m\libc_nano.a(lib_a-impure.o)
                0x08002a40                _global_impure_ptr
 .rodata.__sf_fake_stderr
                0x08002a44       0x20 c:/program files (x86)/atollic/truestudio for stm32 9.3.0/armtools/bin/../lib/gcc/arm-atollic-eabi/6.3.1/../../../../arm-atollic-eabi/lib/armv7-m\libc_nano.a(lib_a-findfp.o)
                0x08002a44                __sf_fake_stderr
 .rodata.__sf_fake_stdin
                0x08002a64       0x20 c:/program files (x86)/atollic/truestudio for stm32 9.3.0/armtools/bin/../lib/gcc/arm-atollic-eabi/6.3.1/../../../../arm-atollic-eabi/lib/armv7-m\libc_nano.a(lib_a-findfp.o)
                0x08002a64                __sf_fake_stdin
 .rodata.__sf_fake_stdout
                0x08002a84       0x20 c:/program files (x86)/atollic/truestudio for stm32 9.3.0/armtools/bin/../lib/gcc/arm-atollic-eabi/6.3.1/../../../../arm-atollic-eabi/lib/armv7-m\libc_nano.a(lib_a-findfp.o)
                0x08002a84                __sf_fake_stdout
 .rodata._vfprintf_r.str1.1
                0x08002aa4       0x11 c:/program files (x86)/atollic/truestudio for stm32 9.3.0/armtools/bin/../lib/gcc/arm-atollic-eabi/6.3.1/../../../../arm-atollic-eabi/lib/armv7-m\libc_nano.a(lib_a-nano-vfprintf.o)
 .rodata._printf_i.str1.1
                0x08002ab5       0x22 c:/program files (x86)/atollic/truestudio for stm32 9.3.0/armtools/bin/../lib/gcc/arm-atollic-eabi/6.3.1/../../../../arm-atollic-eabi/lib/armv7-m\libc_nano.a(lib_a-nano-vfprintf_i.o)
                0x08002ad8                . = ALIGN (0x4)
 *fill*         0x08002ad7        0x1 

.rel.dyn        0x08002ad8        0x0
 .rel.iplt      0x08002ad8        0x0 c:/program files (x86)/atollic/truestudio for stm32 9.3.0/armtools/bin/../lib/gcc/arm-atollic-eabi/6.3.1/armv7-m/crtbegin.o

.ARM.extab
 *(.ARM.extab* .gnu.linkonce.armextab.*)

.ARM            0x08002ad8        0x0
                0x08002ad8                __exidx_start = .
 *(.ARM.exidx*)
                0x08002ad8                __exidx_end = .

.preinit_array  0x08002ad8        0x0
                0x08002ad8                PROVIDE (__preinit_array_start, .)
 *(.preinit_array*)
                0x08002ad8                PROVIDE (__preinit_array_end, .)

.init_array     0x08002ad8        0x4
                0x08002ad8                PROVIDE (__init_array_start, .)
 *(SORT(.init_array.*))
 *(.init_array*)
 .init_array    0x08002ad8        0x4 c:/program files (x86)/atollic/truestudio for stm32 9.3.0/armtools/bin/../lib/gcc/arm-atollic-eabi/6.3.1/armv7-m/crtbegin.o
                0x08002adc                PROVIDE (__init_array_end, .)

.fini_array     0x08002adc        0x4
                [!provide]                PROVIDE (__fini_array_start, .)
 *(SORT(.fini_array.*))
 *(.fini_array*)
 .fini_array    0x08002adc        0x4 c:/program files (x86)/atollic/truestudio for stm32 9.3.0/armtools/bin/../lib/gcc/arm-atollic-eabi/6.3.1/armv7-m/crtbegin.o
                [!provide]                PROVIDE (__fini_array_end, .)
                0x08002ae0                _sidata = LOADADDR (.data)

.data           0x20000000       0x70 load address 0x08002ae0
                0x20000000                . = ALIGN (0x4)
                0x20000000                _sdata = .
 *(.data)
 *(.data*)
 .data.uwTickPrio
                0x20000000        0x4 Drivers\STM32F1xx_HAL_Driver\Src\stm32f1xx_hal.o
                0x20000000                uwTickPrio
 .data.uwTickFreq
                0x20000004        0x1 Drivers\STM32F1xx_HAL_Driver\Src\stm32f1xx_hal.o
                0x20000004                uwTickFreq
 *fill*         0x20000005        0x3 
 .data.SystemCoreClock
                0x20000008        0x4 Src\system_stm32f1xx.o
                0x20000008                SystemCoreClock
 .data._impure_ptr
                0x2000000c        0x4 c:/program files (x86)/atollic/truestudio for stm32 9.3.0/armtools/bin/../lib/gcc/arm-atollic-eabi/6.3.1/../../../../arm-atollic-eabi/lib/armv7-m\libc_nano.a(lib_a-impure.o)
                0x2000000c                _impure_ptr
 .data.impure_data
                0x20000010       0x60 c:/program files (x86)/atollic/truestudio for stm32 9.3.0/armtools/bin/../lib/gcc/arm-atollic-eabi/6.3.1/../../../../arm-atollic-eabi/lib/armv7-m\libc_nano.a(lib_a-impure.o)
                0x20000070                . = ALIGN (0x4)
                0x20000070                _edata = .

.igot.plt       0x20000070        0x0 load address 0x08002b50
 .igot.plt      0x20000070        0x0 c:/program files (x86)/atollic/truestudio for stm32 9.3.0/armtools/bin/../lib/gcc/arm-atollic-eabi/6.3.1/armv7-m/crtbegin.o
                0x20000070                . = ALIGN (0x4)

.bss            0x20000070       0x70 load address 0x08002b50
                0x20000070                _sbss = .
                0x20000070                __bss_start__ = _sbss
 *(.bss)
 .bss           0x20000070       0x1c c:/program files (x86)/atollic/truestudio for stm32 9.3.0/armtools/bin/../lib/gcc/arm-atollic-eabi/6.3.1/armv7-m/crtbegin.o
 *(.bss*)
 .bss.heap_end.5887
                0x2000008c        0x4 Src\syscalls.o
 .bss.__malloc_free_list
                0x20000090        0x4 c:/program files (x86)/atollic/truestudio for stm32 9.3.0/armtools/bin/../lib/gcc/arm-atollic-eabi/6.3.1/../../../../arm-atollic-eabi/lib/armv7-m\libc_nano.a(lib_a-nano-mallocr.o)
                0x20000090                __malloc_free_list
 .bss.__malloc_sbrk_start
                0x20000094        0x4 c:/program files (x86)/atollic/truestudio for stm32 9.3.0/armtools/bin/../lib/gcc/arm-atollic-eabi/6.3.1/../../../../arm-atollic-eabi/lib/armv7-m\libc_nano.a(lib_a-nano-mallocr.o)
                0x20000094                __malloc_sbrk_start
 *(COMMON)
 COMMON         0x20000098        0x4 Drivers\STM32F1xx_HAL_Driver\Src\stm32f1xx_hal.o
                0x20000098                uwTick
 COMMON         0x2000009c       0x40 Src\usart.o
                0x2000009c                huart1
 COMMON         0x200000dc        0x4 c:/program files (x86)/atollic/truestudio for stm32 9.3.0/armtools/bin/../lib/gcc/arm-atollic-eabi/6.3.1/../../../../arm-atollic-eabi/lib/armv7-m\libc_nano.a(lib_a-reent.o)
                0x200000dc                errno
                0x200000e0                . = ALIGN (0x4)
                0x200000e0                _ebss = .
                0x200000e0                __bss_end__ = _ebss

._user_heap_stack
                0x200000e0      0x600 load address 0x08002b50
                0x200000e0                . = ALIGN (0x4)
                0x200000e0                PROVIDE (end, .)
                [!provide]                PROVIDE (_end, .)
                0x200002e0                . = (. + _Min_Heap_Size)
 *fill*         0x200000e0      0x200 
                0x200006e0                . = (. + _Min_Stack_Size)
 *fill*         0x200002e0      0x400 
                0x200006e0                . = ALIGN (0x4)

/DISCARD/
 libc.a(*)
 libm.a(*)
 libgcc.a(*)

.ARM.attributes
                0x00000000       0x29
 *(.ARM.attributes)
 .ARM.attributes
                0x00000000       0x1d c:/program files (x86)/atollic/truestudio for stm32 9.3.0/armtools/bin/../lib/gcc/arm-atollic-eabi/6.3.1/armv7-m/crti.o
 .ARM.attributes
                0x0000001d       0x2d c:/program files (x86)/atollic/truestudio for stm32 9.3.0/armtools/bin/../lib/gcc/arm-atollic-eabi/6.3.1/armv7-m/crtbegin.o
 .ARM.attributes
                0x0000004a       0x33 Drivers\STM32F1xx_HAL_Driver\Src\stm32f1xx_hal.o
 .ARM.attributes
                0x0000007d       0x33 Drivers\STM32F1xx_HAL_Driver\Src\stm32f1xx_hal_cortex.o
 .ARM.attributes
                0x000000b0       0x33 Drivers\STM32F1xx_HAL_Driver\Src\stm32f1xx_hal_gpio.o
 .ARM.attributes
                0x000000e3       0x33 Drivers\STM32F1xx_HAL_Driver\Src\stm32f1xx_hal_rcc.o
 .ARM.attributes
                0x00000116       0x33 Drivers\STM32F1xx_HAL_Driver\Src\stm32f1xx_hal_uart.o
 .ARM.attributes
                0x00000149       0x33 PriSrc\AD7321Driver.o
 .ARM.attributes
                0x0000017c       0x33 Src\gpio.o
 .ARM.attributes
                0x000001af       0x33 Src\main.o
 .ARM.attributes
                0x000001e2       0x33 Src\stm32f1xx_hal_msp.o
 .ARM.attributes
                0x00000215       0x33 Src\stm32f1xx_it.o
 .ARM.attributes
                0x00000248       0x33 Src\syscalls.o
 .ARM.attributes
                0x0000027b       0x33 Src\system_stm32f1xx.o
 .ARM.attributes
                0x000002ae       0x33 Src\usart.o
 .ARM.attributes
                0x000002e1       0x21 startup\startup_stm32f103xe.o
 .ARM.attributes
                0x00000302       0x2d c:/program files (x86)/atollic/truestudio for stm32 9.3.0/armtools/bin/../lib/gcc/arm-atollic-eabi/6.3.1/../../../../arm-atollic-eabi/lib/armv7-m\libc_nano.a(lib_a-errno.o)
 .ARM.attributes
                0x0000032f       0x2d c:/program files (x86)/atollic/truestudio for stm32 9.3.0/armtools/bin/../lib/gcc/arm-atollic-eabi/6.3.1/../../../../arm-atollic-eabi/lib/armv7-m\libc_nano.a(lib_a-impure.o)
 .ARM.attributes
                0x0000035c       0x2d c:/program files (x86)/atollic/truestudio for stm32 9.3.0/armtools/bin/../lib/gcc/arm-atollic-eabi/6.3.1/../../../../arm-atollic-eabi/lib/armv7-m\libc_nano.a(lib_a-init.o)
 .ARM.attributes
                0x00000389       0x2d c:/program files (x86)/atollic/truestudio for stm32 9.3.0/armtools/bin/../lib/gcc/arm-atollic-eabi/6.3.1/../../../../arm-atollic-eabi/lib/armv7-m\libc_nano.a(lib_a-memset.o)
 .ARM.attributes
                0x000003b6       0x2d c:/program files (x86)/atollic/truestudio for stm32 9.3.0/armtools/bin/../lib/gcc/arm-atollic-eabi/6.3.1/../../../../arm-atollic-eabi/lib/armv7-m\libc_nano.a(lib_a-printf.o)
 .ARM.attributes
                0x000003e3       0x2d c:/program files (x86)/atollic/truestudio for stm32 9.3.0/armtools/bin/../lib/gcc/arm-atollic-eabi/6.3.1/../../../../arm-atollic-eabi/lib/armv7-m\libc_nano.a(lib_a-puts.o)
 .ARM.attributes
                0x00000410       0x2d c:/program files (x86)/atollic/truestudio for stm32 9.3.0/armtools/bin/../lib/gcc/arm-atollic-eabi/6.3.1/../../../../arm-atollic-eabi/lib/armv7-m\libc_nano.a(lib_a-wbuf.o)
 .ARM.attributes
                0x0000043d       0x2d c:/program files (x86)/atollic/truestudio for stm32 9.3.0/armtools/bin/../lib/gcc/arm-atollic-eabi/6.3.1/../../../../arm-atollic-eabi/lib/armv7-m\libc_nano.a(lib_a-wsetup.o)
 .ARM.attributes
                0x0000046a       0x2d c:/program files (x86)/atollic/truestudio for stm32 9.3.0/armtools/bin/../lib/gcc/arm-atollic-eabi/6.3.1/../../../../arm-atollic-eabi/lib/armv7-m\libc_nano.a(lib_a-fflush.o)
 .ARM.attributes
                0x00000497       0x2d c:/program files (x86)/atollic/truestudio for stm32 9.3.0/armtools/bin/../lib/gcc/arm-atollic-eabi/6.3.1/../../../../arm-atollic-eabi/lib/armv7-m\libc_nano.a(lib_a-findfp.o)
 .ARM.attributes
                0x000004c4       0x2d c:/program files (x86)/atollic/truestudio for stm32 9.3.0/armtools/bin/../lib/gcc/arm-atollic-eabi/6.3.1/../../../../arm-atollic-eabi/lib/armv7-m\libc_nano.a(lib_a-fwalk.o)
 .ARM.attributes
                0x000004f1       0x2d c:/program files (x86)/atollic/truestudio for stm32 9.3.0/armtools/bin/../lib/gcc/arm-atollic-eabi/6.3.1/../../../../arm-atollic-eabi/lib/armv7-m\libc_nano.a(lib_a-makebuf.o)
 .ARM.attributes
                0x0000051e       0x2d c:/program files (x86)/atollic/truestudio for stm32 9.3.0/armtools/bin/../lib/gcc/arm-atollic-eabi/6.3.1/../../../../arm-atollic-eabi/lib/armv7-m\libc_nano.a(lib_a-nano-freer.o)
 .ARM.attributes
                0x0000054b       0x2d c:/program files (x86)/atollic/truestudio for stm32 9.3.0/armtools/bin/../lib/gcc/arm-atollic-eabi/6.3.1/../../../../arm-atollic-eabi/lib/armv7-m\libc_nano.a(lib_a-nano-mallocr.o)
 .ARM.attributes
                0x00000578       0x2d c:/program files (x86)/atollic/truestudio for stm32 9.3.0/armtools/bin/../lib/gcc/arm-atollic-eabi/6.3.1/../../../../arm-atollic-eabi/lib/armv7-m\libc_nano.a(lib_a-nano-vfprintf.o)
 .ARM.attributes
                0x000005a5       0x2d c:/program files (x86)/atollic/truestudio for stm32 9.3.0/armtools/bin/../lib/gcc/arm-atollic-eabi/6.3.1/../../../../arm-atollic-eabi/lib/armv7-m\libc_nano.a(lib_a-nano-vfprintf_i.o)
 .ARM.attributes
                0x000005d2       0x2d c:/program files (x86)/atollic/truestudio for stm32 9.3.0/armtools/bin/../lib/gcc/arm-atollic-eabi/6.3.1/../../../../arm-atollic-eabi/lib/armv7-m\libc_nano.a(lib_a-sbrkr.o)
 .ARM.attributes
                0x000005ff       0x2d c:/program files (x86)/atollic/truestudio for stm32 9.3.0/armtools/bin/../lib/gcc/arm-atollic-eabi/6.3.1/../../../../arm-atollic-eabi/lib/armv7-m\libc_nano.a(lib_a-stdio.o)
 .ARM.attributes
                0x0000062c       0x2d c:/program files (x86)/atollic/truestudio for stm32 9.3.0/armtools/bin/../lib/gcc/arm-atollic-eabi/6.3.1/../../../../arm-atollic-eabi/lib/armv7-m\libc_nano.a(lib_a-writer.o)
 .ARM.attributes
                0x00000659       0x2d c:/program files (x86)/atollic/truestudio for stm32 9.3.0/armtools/bin/../lib/gcc/arm-atollic-eabi/6.3.1/../../../../arm-atollic-eabi/lib/armv7-m\libc_nano.a(lib_a-closer.o)
 .ARM.attributes
                0x00000686       0x2d c:/program files (x86)/atollic/truestudio for stm32 9.3.0/armtools/bin/../lib/gcc/arm-atollic-eabi/6.3.1/../../../../arm-atollic-eabi/lib/armv7-m\libc_nano.a(lib_a-fstatr.o)
 .ARM.attributes
                0x000006b3       0x2d c:/program files (x86)/atollic/truestudio for stm32 9.3.0/armtools/bin/../lib/gcc/arm-atollic-eabi/6.3.1/../../../../arm-atollic-eabi/lib/armv7-m\libc_nano.a(lib_a-isattyr.o)
 .ARM.attributes
                0x000006e0       0x2d c:/program files (x86)/atollic/truestudio for stm32 9.3.0/armtools/bin/../lib/gcc/arm-atollic-eabi/6.3.1/../../../../arm-atollic-eabi/lib/armv7-m\libc_nano.a(lib_a-lseekr.o)
 .ARM.attributes
                0x0000070d       0x2d c:/program files (x86)/atollic/truestudio for stm32 9.3.0/armtools/bin/../lib/gcc/arm-atollic-eabi/6.3.1/../../../../arm-atollic-eabi/lib/armv7-m\libc_nano.a(lib_a-memchr-stub.o)
 .ARM.attributes
                0x0000073a       0x2d c:/program files (x86)/atollic/truestudio for stm32 9.3.0/armtools/bin/../lib/gcc/arm-atollic-eabi/6.3.1/../../../../arm-atollic-eabi/lib/armv7-m\libc_nano.a(lib_a-mlock.o)
 .ARM.attributes
                0x00000767       0x2d c:/program files (x86)/atollic/truestudio for stm32 9.3.0/armtools/bin/../lib/gcc/arm-atollic-eabi/6.3.1/../../../../arm-atollic-eabi/lib/armv7-m\libc_nano.a(lib_a-readr.o)
 .ARM.attributes
                0x00000794       0x2d c:/program files (x86)/atollic/truestudio for stm32 9.3.0/armtools/bin/../lib/gcc/arm-atollic-eabi/6.3.1/../../../../arm-atollic-eabi/lib/armv7-m\libc_nano.a(lib_a-reent.o)
 .ARM.attributes
                0x000007c1       0x1d c:/program files (x86)/atollic/truestudio for stm32 9.3.0/armtools/bin/../lib/gcc/arm-atollic-eabi/6.3.1/armv7-m/crtn.o
OUTPUT(STM32F103RCT6.elf elf32-littlearm)

.debug_info     0x00000000     0x613c
 .debug_info    0x00000000      0x764 Drivers\STM32F1xx_HAL_Driver\Src\stm32f1xx_hal.o
 .debug_info    0x00000764      0xbad Drivers\STM32F1xx_HAL_Driver\Src\stm32f1xx_hal_cortex.o
 .debug_info    0x00001311      0x681 Drivers\STM32F1xx_HAL_Driver\Src\stm32f1xx_hal_gpio.o
 .debug_info    0x00001992      0x803 Drivers\STM32F1xx_HAL_Driver\Src\stm32f1xx_hal_rcc.o
 .debug_info    0x00002195     0x11e0 Drivers\STM32F1xx_HAL_Driver\Src\stm32f1xx_hal_uart.o
 .debug_info    0x00003375      0x26b PriSrc\AD7321Driver.o
 .debug_info    0x000035e0      0x353 Src\gpio.o
 .debug_info    0x00003933      0x744 Src\main.o
 .debug_info    0x00004077      0x2cd Src\stm32f1xx_hal_msp.o
 .debug_info    0x00004344      0x1fc Src\stm32f1xx_it.o
 .debug_info    0x00004540      0xf16 Src\syscalls.o
 .debug_info    0x00005456      0x434 Src\system_stm32f1xx.o
 .debug_info    0x0000588a      0x828 Src\usart.o
 .debug_info    0x000060b2       0x8a startup\startup_stm32f103xe.o

.debug_abbrev   0x00000000     0x1612
 .debug_abbrev  0x00000000      0x1d3 Drivers\STM32F1xx_HAL_Driver\Src\stm32f1xx_hal.o
 .debug_abbrev  0x000001d3      0x2d0 Drivers\STM32F1xx_HAL_Driver\Src\stm32f1xx_hal_cortex.o
 .debug_abbrev  0x000004a3      0x1bb Drivers\STM32F1xx_HAL_Driver\Src\stm32f1xx_hal_gpio.o
 .debug_abbrev  0x0000065e      0x23e Drivers\STM32F1xx_HAL_Driver\Src\stm32f1xx_hal_rcc.o
 .debug_abbrev  0x0000089c      0x23d Drivers\STM32F1xx_HAL_Driver\Src\stm32f1xx_hal_uart.o
 .debug_abbrev  0x00000ad9      0x128 PriSrc\AD7321Driver.o
 .debug_abbrev  0x00000c01      0x12f Src\gpio.o
 .debug_abbrev  0x00000d30      0x192 Src\main.o
 .debug_abbrev  0x00000ec2      0x104 Src\stm32f1xx_hal_msp.o
 .debug_abbrev  0x00000fc6       0xc1 Src\stm32f1xx_it.o
 .debug_abbrev  0x00001087      0x271 Src\syscalls.o
 .debug_abbrev  0x000012f8      0x12f Src\system_stm32f1xx.o
 .debug_abbrev  0x00001427      0x1d9 Src\usart.o
 .debug_abbrev  0x00001600       0x12 startup\startup_stm32f103xe.o

.debug_aranges  0x00000000      0x6d0
 .debug_aranges
                0x00000000       0xe0 Drivers\STM32F1xx_HAL_Driver\Src\stm32f1xx_hal.o
 .debug_aranges
                0x000000e0      0x100 Drivers\STM32F1xx_HAL_Driver\Src\stm32f1xx_hal_cortex.o
 .debug_aranges
                0x000001e0       0x58 Drivers\STM32F1xx_HAL_Driver\Src\stm32f1xx_hal_gpio.o
 .debug_aranges
                0x00000238       0x90 Drivers\STM32F1xx_HAL_Driver\Src\stm32f1xx_hal_rcc.o
 .debug_aranges
                0x000002c8      0x1d0 Drivers\STM32F1xx_HAL_Driver\Src\stm32f1xx_hal_uart.o
 .debug_aranges
                0x00000498       0x28 PriSrc\AD7321Driver.o
 .debug_aranges
                0x000004c0       0x20 Src\gpio.o
 .debug_aranges
                0x000004e0       0x30 Src\main.o
 .debug_aranges
                0x00000510       0x20 Src\stm32f1xx_hal_msp.o
 .debug_aranges
                0x00000530       0x60 Src\stm32f1xx_it.o
 .debug_aranges
                0x00000590       0xb0 Src\syscalls.o
 .debug_aranges
                0x00000640       0x28 Src\system_stm32f1xx.o
 .debug_aranges
                0x00000668       0x40 Src\usart.o
 .debug_aranges
                0x000006a8       0x28 startup\startup_stm32f103xe.o

.debug_ranges   0x00000000      0x5f8
 .debug_ranges  0x00000000       0xd0 Drivers\STM32F1xx_HAL_Driver\Src\stm32f1xx_hal.o
 .debug_ranges  0x000000d0       0xf0 Drivers\STM32F1xx_HAL_Driver\Src\stm32f1xx_hal_cortex.o
 .debug_ranges  0x000001c0       0x48 Drivers\STM32F1xx_HAL_Driver\Src\stm32f1xx_hal_gpio.o
 .debug_ranges  0x00000208       0x80 Drivers\STM32F1xx_HAL_Driver\Src\stm32f1xx_hal_rcc.o
 .debug_ranges  0x00000288      0x1c0 Drivers\STM32F1xx_HAL_Driver\Src\stm32f1xx_hal_uart.o
 .debug_ranges  0x00000448       0x18 PriSrc\AD7321Driver.o
 .debug_ranges  0x00000460       0x10 Src\gpio.o
 .debug_ranges  0x00000470       0x20 Src\main.o
 .debug_ranges  0x00000490       0x10 Src\stm32f1xx_hal_msp.o
 .debug_ranges  0x000004a0       0x50 Src\stm32f1xx_it.o
 .debug_ranges  0x000004f0       0xa0 Src\syscalls.o
 .debug_ranges  0x00000590       0x18 Src\system_stm32f1xx.o
 .debug_ranges  0x000005a8       0x30 Src\usart.o
 .debug_ranges  0x000005d8       0x20 startup\startup_stm32f103xe.o

.debug_line     0x00000000     0x3169
 .debug_line    0x00000000      0x3e4 Drivers\STM32F1xx_HAL_Driver\Src\stm32f1xx_hal.o
 .debug_line    0x000003e4      0x4b6 Drivers\STM32F1xx_HAL_Driver\Src\stm32f1xx_hal_cortex.o
 .debug_line    0x0000089a      0x424 Drivers\STM32F1xx_HAL_Driver\Src\stm32f1xx_hal_gpio.o
 .debug_line    0x00000cbe      0x4fe Drivers\STM32F1xx_HAL_Driver\Src\stm32f1xx_hal_rcc.o
 .debug_line    0x000011bc      0xb2d Drivers\STM32F1xx_HAL_Driver\Src\stm32f1xx_hal_uart.o
 .debug_line    0x00001ce9      0x236 PriSrc\AD7321Driver.o
 .debug_line    0x00001f1f      0x201 Src\gpio.o
 .debug_line    0x00002120      0x2c3 Src\main.o
 .debug_line    0x000023e3      0x1e6 Src\stm32f1xx_hal_msp.o
 .debug_line    0x000025c9      0x266 Src\stm32f1xx_it.o
 .debug_line    0x0000282f      0x3d8 Src\syscalls.o
 .debug_line    0x00002c07      0x22f Src\system_stm32f1xx.o
 .debug_line    0x00002e36      0x2b6 Src\usart.o
 .debug_line    0x000030ec       0x7d startup\startup_stm32f103xe.o

.debug_str      0x00000000     0x224d
 .debug_str     0x00000000      0x8b1 Drivers\STM32F1xx_HAL_Driver\Src\stm32f1xx_hal.o
                                0x91a (size before relaxing)
 .debug_str     0x000008b1      0x40a Drivers\STM32F1xx_HAL_Driver\Src\stm32f1xx_hal_cortex.o
                                0xa81 (size before relaxing)
 .debug_str     0x00000cbb      0x1cf Drivers\STM32F1xx_HAL_Driver\Src\stm32f1xx_hal_gpio.o
                                0x4ee (size before relaxing)
 .debug_str     0x00000e8a      0x32a Drivers\STM32F1xx_HAL_Driver\Src\stm32f1xx_hal_rcc.o
                                0x6a9 (size before relaxing)
 .debug_str     0x000011b4      0x89a Drivers\STM32F1xx_HAL_Driver\Src\stm32f1xx_hal_uart.o
                                0xbf0 (size before relaxing)
 .debug_str     0x00001a4e       0x4e PriSrc\AD7321Driver.o
                                0x308 (size before relaxing)
 .debug_str     0x00001a9c       0x2b Src\gpio.o
                                0x346 (size before relaxing)
 .debug_str     0x00001ac7       0x42 Src\main.o
                                0x78b (size before relaxing)
 .debug_str     0x00001b09       0x1b Src\stm32f1xx_hal_msp.o
                                0x308 (size before relaxing)
 .debug_str     0x00001b24       0xa6 Src\stm32f1xx_it.o
                                0x313 (size before relaxing)
 .debug_str     0x00001bca      0x5fb Src\syscalls.o
                                0x847 (size before relaxing)
 .debug_str     0x000021c5       0x4d Src\system_stm32f1xx.o
                                0x35d (size before relaxing)
 .debug_str     0x00002212       0x3b Src\usart.o
                                0x736 (size before relaxing)

.comment        0x00000000       0x7c
 .comment       0x00000000       0x7c Drivers\STM32F1xx_HAL_Driver\Src\stm32f1xx_hal.o
                                 0x7d (size before relaxing)
 .comment       0x0000007c       0x7d Drivers\STM32F1xx_HAL_Driver\Src\stm32f1xx_hal_cortex.o
 .comment       0x0000007c       0x7d Drivers\STM32F1xx_HAL_Driver\Src\stm32f1xx_hal_gpio.o
 .comment       0x0000007c       0x7d Drivers\STM32F1xx_HAL_Driver\Src\stm32f1xx_hal_rcc.o
 .comment       0x0000007c       0x7d Drivers\STM32F1xx_HAL_Driver\Src\stm32f1xx_hal_uart.o
 .comment       0x0000007c       0x7d PriSrc\AD7321Driver.o
 .comment       0x0000007c       0x7d Src\gpio.o
 .comment       0x0000007c       0x7d Src\main.o
 .comment       0x0000007c       0x7d Src\stm32f1xx_hal_msp.o
 .comment       0x0000007c       0x7d Src\stm32f1xx_it.o
 .comment       0x0000007c       0x7d Src\syscalls.o
 .comment       0x0000007c       0x7d Src\system_stm32f1xx.o
 .comment       0x0000007c       0x7d Src\usart.o

.debug_frame    0x00000000     0x20c0
 .debug_frame   0x00000000      0x334 Drivers\STM32F1xx_HAL_Driver\Src\stm32f1xx_hal.o
 .debug_frame   0x00000334      0x428 Drivers\STM32F1xx_HAL_Driver\Src\stm32f1xx_hal_cortex.o
 .debug_frame   0x0000075c      0x14c Drivers\STM32F1xx_HAL_Driver\Src\stm32f1xx_hal_gpio.o
 .debug_frame   0x000008a8      0x21c Drivers\STM32F1xx_HAL_Driver\Src\stm32f1xx_hal_rcc.o
 .debug_frame   0x00000ac4      0x838 Drivers\STM32F1xx_HAL_Driver\Src\stm32f1xx_hal_uart.o
 .debug_frame   0x000012fc       0x58 PriSrc\AD7321Driver.o
 .debug_frame   0x00001354       0x34 Src\gpio.o
 .debug_frame   0x00001388       0x74 Src\main.o
 .debug_frame   0x000013fc       0x38 Src\stm32f1xx_hal_msp.o
 .debug_frame   0x00001434      0x10c Src\stm32f1xx_it.o
 .debug_frame   0x00001540      0x2d4 Src\syscalls.o
 .debug_frame   0x00001814       0x58 Src\system_stm32f1xx.o
 .debug_frame   0x0000186c       0xbc Src\usart.o
 .debug_frame   0x00001928       0x20 c:/program files (x86)/atollic/truestudio for stm32 9.3.0/armtools/bin/../lib/gcc/arm-atollic-eabi/6.3.1/../../../../arm-atollic-eabi/lib/armv7-m\libc_nano.a(lib_a-errno.o)
 .debug_frame   0x00001948       0x2c c:/program files (x86)/atollic/truestudio for stm32 9.3.0/armtools/bin/../lib/gcc/arm-atollic-eabi/6.3.1/../../../../arm-atollic-eabi/lib/armv7-m\libc_nano.a(lib_a-init.o)
 .debug_frame   0x00001974       0x20 c:/program files (x86)/atollic/truestudio for stm32 9.3.0/armtools/bin/../lib/gcc/arm-atollic-eabi/6.3.1/../../../../arm-atollic-eabi/lib/armv7-m\libc_nano.a(lib_a-memset.o)
 .debug_frame   0x00001994       0x74 c:/program files (x86)/atollic/truestudio for stm32 9.3.0/armtools/bin/../lib/gcc/arm-atollic-eabi/6.3.1/../../../../arm-atollic-eabi/lib/armv7-m\libc_nano.a(lib_a-printf.o)
 .debug_frame   0x00001a08       0x3c c:/program files (x86)/atollic/truestudio for stm32 9.3.0/armtools/bin/../lib/gcc/arm-atollic-eabi/6.3.1/../../../../arm-atollic-eabi/lib/armv7-m\libc_nano.a(lib_a-puts.o)
 .debug_frame   0x00001a44       0x40 c:/program files (x86)/atollic/truestudio for stm32 9.3.0/armtools/bin/../lib/gcc/arm-atollic-eabi/6.3.1/../../../../arm-atollic-eabi/lib/armv7-m\libc_nano.a(lib_a-wbuf.o)
 .debug_frame   0x00001a84       0x2c c:/program files (x86)/atollic/truestudio for stm32 9.3.0/armtools/bin/../lib/gcc/arm-atollic-eabi/6.3.1/../../../../arm-atollic-eabi/lib/armv7-m\libc_nano.a(lib_a-wsetup.o)
 .debug_frame   0x00001ab0       0x68 c:/program files (x86)/atollic/truestudio for stm32 9.3.0/armtools/bin/../lib/gcc/arm-atollic-eabi/6.3.1/../../../../arm-atollic-eabi/lib/armv7-m\libc_nano.a(lib_a-fflush.o)
 .debug_frame   0x00001b18      0x11c c:/program files (x86)/atollic/truestudio for stm32 9.3.0/armtools/bin/../lib/gcc/arm-atollic-eabi/6.3.1/../../../../arm-atollic-eabi/lib/armv7-m\libc_nano.a(lib_a-findfp.o)
 .debug_frame   0x00001c34       0x54 c:/program files (x86)/atollic/truestudio for stm32 9.3.0/armtools/bin/../lib/gcc/arm-atollic-eabi/6.3.1/../../../../arm-atollic-eabi/lib/armv7-m\libc_nano.a(lib_a-fwalk.o)
 .debug_frame   0x00001c88       0x58 c:/program files (x86)/atollic/truestudio for stm32 9.3.0/armtools/bin/../lib/gcc/arm-atollic-eabi/6.3.1/../../../../arm-atollic-eabi/lib/armv7-m\libc_nano.a(lib_a-makebuf.o)
 .debug_frame   0x00001ce0       0x38 c:/program files (x86)/atollic/truestudio for stm32 9.3.0/armtools/bin/../lib/gcc/arm-atollic-eabi/6.3.1/../../../../arm-atollic-eabi/lib/armv7-m\libc_nano.a(lib_a-nano-freer.o)
 .debug_frame   0x00001d18       0x2c c:/program files (x86)/atollic/truestudio for stm32 9.3.0/armtools/bin/../lib/gcc/arm-atollic-eabi/6.3.1/../../../../arm-atollic-eabi/lib/armv7-m\libc_nano.a(lib_a-nano-mallocr.o)
 .debug_frame   0x00001d44       0xac c:/program files (x86)/atollic/truestudio for stm32 9.3.0/armtools/bin/../lib/gcc/arm-atollic-eabi/6.3.1/../../../../arm-atollic-eabi/lib/armv7-m\libc_nano.a(lib_a-nano-vfprintf.o)
 .debug_frame   0x00001df0       0x60 c:/program files (x86)/atollic/truestudio for stm32 9.3.0/armtools/bin/../lib/gcc/arm-atollic-eabi/6.3.1/../../../../arm-atollic-eabi/lib/armv7-m\libc_nano.a(lib_a-nano-vfprintf_i.o)
 .debug_frame   0x00001e50       0x2c c:/program files (x86)/atollic/truestudio for stm32 9.3.0/armtools/bin/../lib/gcc/arm-atollic-eabi/6.3.1/../../../../arm-atollic-eabi/lib/armv7-m\libc_nano.a(lib_a-sbrkr.o)
 .debug_frame   0x00001e7c       0x88 c:/program files (x86)/atollic/truestudio for stm32 9.3.0/armtools/bin/../lib/gcc/arm-atollic-eabi/6.3.1/../../../../arm-atollic-eabi/lib/armv7-m\libc_nano.a(lib_a-stdio.o)
 .debug_frame   0x00001f04       0x2c c:/program files (x86)/atollic/truestudio for stm32 9.3.0/armtools/bin/../lib/gcc/arm-atollic-eabi/6.3.1/../../../../arm-atollic-eabi/lib/armv7-m\libc_nano.a(lib_a-writer.o)
 .debug_frame   0x00001f30       0x2c c:/program files (x86)/atollic/truestudio for stm32 9.3.0/armtools/bin/../lib/gcc/arm-atollic-eabi/6.3.1/../../../../arm-atollic-eabi/lib/armv7-m\libc_nano.a(lib_a-closer.o)
 .debug_frame   0x00001f5c       0x2c c:/program files (x86)/atollic/truestudio for stm32 9.3.0/armtools/bin/../lib/gcc/arm-atollic-eabi/6.3.1/../../../../arm-atollic-eabi/lib/armv7-m\libc_nano.a(lib_a-fstatr.o)
 .debug_frame   0x00001f88       0x2c c:/program files (x86)/atollic/truestudio for stm32 9.3.0/armtools/bin/../lib/gcc/arm-atollic-eabi/6.3.1/../../../../arm-atollic-eabi/lib/armv7-m\libc_nano.a(lib_a-isattyr.o)
 .debug_frame   0x00001fb4       0x2c c:/program files (x86)/atollic/truestudio for stm32 9.3.0/armtools/bin/../lib/gcc/arm-atollic-eabi/6.3.1/../../../../arm-atollic-eabi/lib/armv7-m\libc_nano.a(lib_a-lseekr.o)
 .debug_frame   0x00001fe0       0x28 c:/program files (x86)/atollic/truestudio for stm32 9.3.0/armtools/bin/../lib/gcc/arm-atollic-eabi/6.3.1/../../../../arm-atollic-eabi/lib/armv7-m\libc_nano.a(lib_a-memchr-stub.o)
 .debug_frame   0x00002008       0x30 c:/program files (x86)/atollic/truestudio for stm32 9.3.0/armtools/bin/../lib/gcc/arm-atollic-eabi/6.3.1/../../../../arm-atollic-eabi/lib/armv7-m\libc_nano.a(lib_a-mlock.o)
 .debug_frame   0x00002038       0x2c c:/program files (x86)/atollic/truestudio for stm32 9.3.0/armtools/bin/../lib/gcc/arm-atollic-eabi/6.3.1/../../../../arm-atollic-eabi/lib/armv7-m\libc_nano.a(lib_a-readr.o)
 .debug_frame   0x00002064       0x5c c:/program files (x86)/atollic/truestudio for stm32 9.3.0/armtools/bin/../lib/gcc/arm-atollic-eabi/6.3.1/../../../../arm-atollic-eabi/lib/armv7-m\libc_nano.a(lib_a-reent.o)
